// Jest Snapshot v1, https://goo.gl/fbAQLP

exports[`decorators @controller without basepath 1`] = `"@controller declaration for \`NoBasePath\` is missing a basepath."`;

exports[`decorators mount invalid controller 1`] = `"Invalid requires a router property. Make sure you decorated your class with @controller(basepath)"`;

exports[`requests @post 1`] = `
Object {
  "name": "Johnny Tsunami",
}
`;

exports[`utils prettyPath 1`] = `"Path \`noleadingslash\` must begin with a slash."`;
